// Jest Snapshot v1, https://goo.gl/fbAQLP

exports[`servicePage should match the snapshot 1`] = `ShallowWrapper {}`;
