// Jest Snapshot v1, https://goo.gl/fbAQLP

exports[`AppointmentForm should match the snapshot 1`] = `ShallowWrapper {}`;

exports[`LoginForm should match the snapshot 1`] = `ShallowWrapper {}`;

exports[`TripCard should match the snapshot 1`] = `ShallowWrapper {}`;
