// Jest Snapshot v1, https://goo.gl/fbAQLP

exports[`SignupForm should match the snapshot 1`] = `
<form
  onSubmit={[Function]}
>
  <div
    className="modal-header"
  >
    <div
      className="modal-title h4"
    >
      Sign Up
    </div>
  </div>
  <div
    className="modal-body"
  >
    <div
      className="flex-column"
    >
      <input
        className="d-flex col-10"
        name="username"
        onChange={[Function]}
        placeholder="Enter Username"
        type="text"
      />
      <input
        className="d-flex col-10"
        name="password"
        onChange={[Function]}
        placeholder="Enter Password"
        type="password"
      />
      <input
        className="d-flex col-10"
        name="password_confirmation"
        onChange={[Function]}
        placeholder="Confirm Password"
        type="password"
      />
    </div>
  </div>
  <div
    className="modal-footer"
  >
    <button
      className="btn btn-primary"
      disabled={false}
      type="submit"
    >
      SIGN UP
    </button>
    <button
      className="btn btn-secondary"
      disabled={false}
      onClick={[Function]}
      type="button"
    >
      Cancel
    </button>
  </div>
</form>
`;
